# serializer version: 1
# name: test_lighting
  dict({
    'Lighting': dict({
      0: dict({
        0: dict({
          'Correction': '50',
          'MiddleLight': dict({
            0: dict({
              'Angle': '50',
              'Light': '50',
            }),
          }),
          'Mode': 'Auto',
          'Sensitive': '3',
        }),
        1: dict({
          'Correction': '50',
          'MiddleLight': dict({
            0: dict({
              'Angle': '50',
              'Light': '100',
            }),
          }),
          'Mode': 'Manual',
          'Sensitive': '3',
        }),
        2: dict({
          'Correction': '50',
          'MiddleLight': dict({
            0: dict({
              'Angle': '50',
              'Light': '45',
            }),
          }),
          'Mode': 'Auto',
          'Sensitive': '3',
        }),
        3: dict({
          'Correction': '50',
          'MiddleLight': dict({
            0: dict({
              'Angle': '50',
              'Light': '83',
            }),
          }),
          'Mode': 'Auto',
          'Sensitive': '3',
        }),
      }),
    }),
  })
# ---
# name: test_read_physical_config
  Config(machine_name='AMC0TEST_CAMERA', network={'DefaultInterface': 'eth0', 'Domain': 'dauha', 'Hostname': 'IPC', 'eth0': {'DefaultGateway': '10.0.0.1', 'DhcpEnable': 'true', 'DnsAutoGet': 'false', 'DnsServers': {0: '8.8.8.8', 1: '8.8.4.4'}, 'EnableDhcpReservedIP': 'false', 'IPAddress': 'localhost', 'MTU': '1500', 'PhysicalAddress': 'a0:60:32:ff:ff:ff', 'SubnetMask': '255.0.0.0'}, 'eth2': {'DefaultGateway': '10.0.0.0', 'DhcpEnable': 'true', 'DnsAutoGet': 'false', 'DnsServers': {0: '8.8.8.8', 1: '8.8.4.4'}, 'EnableDhcpReservedIP': 'false', 'IPAddress': '', 'MTU': '1500', 'PhysicalAddress': 'a0:60:32:ff:ff:ff', 'SubnetMask': '255.0.0.0'}}, serial_number='AMC00123456789ABCDEF', session_physical_address='a0:60:32:ff:ff:ff', supported_events=[<EventMessageType.AudioAnomaly: 'AudioAnomaly'>, <EventMessageType.AudioMutation: 'AudioMutation'>, <EventMessageType.LoginFailure: 'LoginFailure'>, <EventMessageType.SafetyAbnormal: 'SafetyAbnormal'>, <EventMessageType.StorageFailure: 'StorageFailure'>, <EventMessageType.StorageLowSpace: 'StorageLowSpace'>, <EventMessageType.StorageNotExist: 'StorageNotExist'>, <EventMessageType.VideoBlind: 'VideoBlind'>, <EventMessageType.VideoMotion: 'VideoMotion'>], software_version='2.800.00AC006.0.R,build:2023-10-27')
# ---
# name: test_read_ptz_config
  list([
    PtzPresetData(index='1', name='Preset1'),
    PtzPresetData(index='2', name='Preset2'),
    PtzPresetData(index='3', name='Preset3'),
    PtzPresetData(index='5', name='Preset5'),
  ])
# ---
